                    Троллейбус Транспортная карта "Школьная"                       Базовая       524     14294
                       Автобус Транспортная карта "Школьная"                       Базовая       274      5779
                    Троллейбус Транспортная карта "Школьная"                Со скидкой 50%       191      4706
                       Автобус Транспортная карта "Школьная"                Со скидкой 50%       118      2519
          Автобус - Троллейбус Транспортная карта "Школьная"                       Базовая       702      8818
          Автобус - Троллейбус Транспортная карта "Школьная"                       Базовая       702     13255
          Автобус - Троллейбус Транспортная карта "Школьная"                Со скидкой 50%       679     10874
          Автобус - Троллейбус Транспортная карта "Школьная"                Со скидкой 50%       679      8299
          Автобус - Троллейбус Транспортная карта "Школьная"                    Бесплатная         0       631
          Автобус - Троллейбус Транспортная карта "Школьная"                    Бесплатная         0      1121
                    Троллейбус Транспортная карта "Студенчес                       Базовая       235     10053
                       Автобус Транспортная карта "Студенчес                       Базовая        68      2322
                       Автобус Транспортная карта "Студенчес                Со скидкой 50%        46      1292
                    Троллейбус Транспортная карта "Студенчес                Со скидкой 50%       472     18825
          Автобус - Троллейбус Транспортная карта "Студенчес                       Базовая       122      2986
          Автобус - Троллейбус Транспортная карта "Студенчес                       Базовая       122      3555
          Автобус - Троллейбус Транспортная карта "Студенчес                Со скидкой 50%       319     10311
          Автобус - Троллейбус Транспортная карта "Студенчес                Со скидкой 50%       319      5210
          Автобус - Троллейбус Транспортная карта "Студенчес                    Бесплатная       140      1327
          Автобус - Троллейбус Транспортная карта "Студенчес                    Бесплатная       140      3508
          Автобус - Троллейбус Транспортная карта "Льготная"           Городские льготники     14605
          Автобус - Троллейбус Транспортная карта "Льготная"           Городские льготники     14605
          Автобус - Троллейбус Транспортная карта "Льготная"         Федеральные льготники      7072
          Автобус - Троллейбус Транспортная карта "Льготная"         Федеральные льготники      7072
          Автобус - Троллейбус Транспортная карта "Льготная"        Региональные льготники      8981
          Автобус - Троллейбус Транспортная карта "Льготная"        Региональные льготники      8981
                       Автобус Проездной билет на месяц (пла                       Базовая       149      9096
                    Троллейбус Проездной билет на месяц (пла                       Базовая       405     26656
                    Троллейбус Проездной билет на месяц (пла               Половина месяца         0         0
                       Автобус Проездной билет на месяц (пла               Половина месяца         0         0
                       Автобус Проездной билет на месяц (пла                   Организация         0         0
                    Троллейбус Проездной билет на месяц (пла                   Организация         3        60
          Автобус - Троллейбус Проездной билет на месяц (пла                       Базовая       895     18645
          Автобус - Троллейбус Проездной билет на месяц (пла                       Базовая       895     31688
          Автобус - Троллейбус Проездной билет на месяц (пла               Половина месяца         0         0
          Автобус - Троллейбус Проездной билет на месяц (пла               Половина месяца         0         0
          Автобус - Троллейбус Проездной билет на месяц (пла                   Организация       264      7125
          Автобус - Троллейбус Проездной билет на месяц (пла                   Организация       264      4353
                       Автобус    Наличные денежные средства         Не транспортная карта              493278
                    Троллейбус    Наличные денежные средства         Не транспортная карта              877972
                       Автобус                    Карта Visa         Не транспортная карта                 199
                    Троллейбус                    Карта Visa         Не транспортная карта                 598
